Archive member included to satisfy reference by file (symbol)

d:/program files (x86)/atmel/studio/7.0/toolchain/avr8/avr8-gnu-toolchain/bin/../lib/gcc/avr/5.4.0/avr51\libgcc.a(_exit.o)
                              D:/Program Files (x86)/Atmel/Studio/7.0/Packs/atmel/ATmega_DFP/1.2.209/gcc/dev/atmega1280/avr51/crtatmega1280.o (exit)
d:/program files (x86)/atmel/studio/7.0/toolchain/avr8/avr8-gnu-toolchain/bin/../lib/gcc/avr/5.4.0/../../../../avr/lib/avr51\libc.a(memcpy.o)
                              MCP2515.o (memcpy)

Discarded input sections

 .data          0x00000000        0x0 D:/Program Files (x86)/Atmel/Studio/7.0/Packs/atmel/ATmega_DFP/1.2.209/gcc/dev/atmega1280/avr51/crtatmega1280.o
 .bss           0x00000000        0x0 D:/Program Files (x86)/Atmel/Studio/7.0/Packs/atmel/ATmega_DFP/1.2.209/gcc/dev/atmega1280/avr51/crtatmega1280.o
 .text          0x00000000        0x0 main.o
 .data          0x00000000        0x0 main.o
 .bss           0x00000000        0x0 main.o
 .text          0x00000000        0x0 MCP2515.o
 .data          0x00000000        0x0 MCP2515.o
 .bss           0x00000000        0x0 MCP2515.o
 .text.MCP2515_receive_status
                0x00000000       0x2c MCP2515.o
 .text.MCP2515_RxBufferRead
                0x00000000       0x7c MCP2515.o
 .text.MCP2515_reg_read
                0x00000000       0x2e MCP2515.o
 .text.MCP2515_findFreeTxBuffer
                0x00000000       0x38 MCP2515.o
 .text.MCP2515_FilterInit
                0x00000000      0x27e MCP2515.o
 .text.MCP2515_RXInit
                0x00000000      0x132 MCP2515.o
 .text.MCP2515_TX
                0x00000000      0x10a MCP2515.o
 .text.MCP2515_send_test
                0x00000000       0x54 MCP2515.o
 .text          0x00000000        0x0 pdmCAN.o
 .data          0x00000000        0x0 pdmCAN.o
 .bss           0x00000000        0x0 pdmCAN.o
 .text.CAN_send
                0x00000000       0x50 pdmCAN.o
 .text.CAN_ID_constructor
                0x00000000       0x78 pdmCAN.o
 .text          0x00000000        0x0 SPI.o
 .data          0x00000000        0x0 SPI.o
 .bss           0x00000000        0x0 SPI.o
 .text          0x00000000        0x0 d:/program files (x86)/atmel/studio/7.0/toolchain/avr8/avr8-gnu-toolchain/bin/../lib/gcc/avr/5.4.0/avr51\libgcc.a(_exit.o)
 .data          0x00000000        0x0 d:/program files (x86)/atmel/studio/7.0/toolchain/avr8/avr8-gnu-toolchain/bin/../lib/gcc/avr/5.4.0/avr51\libgcc.a(_exit.o)
 .bss           0x00000000        0x0 d:/program files (x86)/atmel/studio/7.0/toolchain/avr8/avr8-gnu-toolchain/bin/../lib/gcc/avr/5.4.0/avr51\libgcc.a(_exit.o)
 .text.libgcc.mul
                0x00000000        0x0 d:/program files (x86)/atmel/studio/7.0/toolchain/avr8/avr8-gnu-toolchain/bin/../lib/gcc/avr/5.4.0/avr51\libgcc.a(_exit.o)
 .text.libgcc.div
                0x00000000        0x0 d:/program files (x86)/atmel/studio/7.0/toolchain/avr8/avr8-gnu-toolchain/bin/../lib/gcc/avr/5.4.0/avr51\libgcc.a(_exit.o)
 .text.libgcc   0x00000000        0x0 d:/program files (x86)/atmel/studio/7.0/toolchain/avr8/avr8-gnu-toolchain/bin/../lib/gcc/avr/5.4.0/avr51\libgcc.a(_exit.o)
 .text.libgcc.prologue
                0x00000000        0x0 d:/program files (x86)/atmel/studio/7.0/toolchain/avr8/avr8-gnu-toolchain/bin/../lib/gcc/avr/5.4.0/avr51\libgcc.a(_exit.o)
 .text.libgcc.builtins
                0x00000000        0x0 d:/program files (x86)/atmel/studio/7.0/toolchain/avr8/avr8-gnu-toolchain/bin/../lib/gcc/avr/5.4.0/avr51\libgcc.a(_exit.o)
 .text.libgcc.fmul
                0x00000000        0x0 d:/program files (x86)/atmel/studio/7.0/toolchain/avr8/avr8-gnu-toolchain/bin/../lib/gcc/avr/5.4.0/avr51\libgcc.a(_exit.o)
 .text.libgcc.fixed
                0x00000000        0x0 d:/program files (x86)/atmel/studio/7.0/toolchain/avr8/avr8-gnu-toolchain/bin/../lib/gcc/avr/5.4.0/avr51\libgcc.a(_exit.o)
 .text          0x00000000        0x0 d:/program files (x86)/atmel/studio/7.0/toolchain/avr8/avr8-gnu-toolchain/bin/../lib/gcc/avr/5.4.0/../../../../avr/lib/avr51\libc.a(memcpy.o)
 .data          0x00000000        0x0 d:/program files (x86)/atmel/studio/7.0/toolchain/avr8/avr8-gnu-toolchain/bin/../lib/gcc/avr/5.4.0/../../../../avr/lib/avr51\libc.a(memcpy.o)
 .bss           0x00000000        0x0 d:/program files (x86)/atmel/studio/7.0/toolchain/avr8/avr8-gnu-toolchain/bin/../lib/gcc/avr/5.4.0/../../../../avr/lib/avr51\libc.a(memcpy.o)

Memory Configuration

Name             Origin             Length             Attributes
text             0x00000000         0x00020000         xr
data             0x00800100         0x0000ff00         rw !x
eeprom           0x00810000         0x00010000         rw !x
fuse             0x00820000         0x00000003         rw !x
lock             0x00830000         0x00000400         rw !x
signature        0x00840000         0x00000400         rw !x
user_signatures  0x00850000         0x00000400         rw !x
*default*        0x00000000         0xffffffff

Linker script and memory map

Address of section .data set to 0x800200
LOAD D:/Program Files (x86)/Atmel/Studio/7.0/Packs/atmel/ATmega_DFP/1.2.209/gcc/dev/atmega1280/avr51/crtatmega1280.o
LOAD main.o
LOAD MCP2515.o
LOAD pdmCAN.o
LOAD SPI.o
START GROUP
LOAD d:/program files (x86)/atmel/studio/7.0/toolchain/avr8/avr8-gnu-toolchain/bin/../lib/gcc/avr/5.4.0/../../../../avr/lib/avr51\libm.a
END GROUP
START GROUP
LOAD d:/program files (x86)/atmel/studio/7.0/toolchain/avr8/avr8-gnu-toolchain/bin/../lib/gcc/avr/5.4.0/avr51\libgcc.a
LOAD d:/program files (x86)/atmel/studio/7.0/toolchain/avr8/avr8-gnu-toolchain/bin/../lib/gcc/avr/5.4.0/../../../../avr/lib/avr51\libm.a
LOAD d:/program files (x86)/atmel/studio/7.0/toolchain/avr8/avr8-gnu-toolchain/bin/../lib/gcc/avr/5.4.0/../../../../avr/lib/avr51\libc.a
LOAD D:/Program Files (x86)/Atmel/Studio/7.0/Packs/atmel/ATmega_DFP/1.2.209/gcc/dev/atmega1280/avr51\libatmega1280.a
END GROUP
                0x00020000                __TEXT_REGION_LENGTH__ = DEFINED (__TEXT_REGION_LENGTH__)?__TEXT_REGION_LENGTH__:0x20000
                0x0000ff00                __DATA_REGION_LENGTH__ = DEFINED (__DATA_REGION_LENGTH__)?__DATA_REGION_LENGTH__:0xff00
                0x00010000                __EEPROM_REGION_LENGTH__ = DEFINED (__EEPROM_REGION_LENGTH__)?__EEPROM_REGION_LENGTH__:0x10000
                [0x00000003]                __FUSE_REGION_LENGTH__ = DEFINED (__FUSE_REGION_LENGTH__)?__FUSE_REGION_LENGTH__:0x400
                0x00000400                __LOCK_REGION_LENGTH__ = DEFINED (__LOCK_REGION_LENGTH__)?__LOCK_REGION_LENGTH__:0x400
                0x00000400                __SIGNATURE_REGION_LENGTH__ = DEFINED (__SIGNATURE_REGION_LENGTH__)?__SIGNATURE_REGION_LENGTH__:0x400
                0x00000400                __USER_SIGNATURE_REGION_LENGTH__ = DEFINED (__USER_SIGNATURE_REGION_LENGTH__)?__USER_SIGNATURE_REGION_LENGTH__:0x400

.hash
 *(.hash)

.dynsym
 *(.dynsym)

.dynstr
 *(.dynstr)

.gnu.version
 *(.gnu.version)

.gnu.version_d
 *(.gnu.version_d)

.gnu.version_r
 *(.gnu.version_r)

.rel.init
 *(.rel.init)

.rela.init
 *(.rela.init)

.rel.text
 *(.rel.text)
 *(.rel.text.*)
 *(.rel.gnu.linkonce.t*)

.rela.text
 *(.rela.text)
 *(.rela.text.*)
 *(.rela.gnu.linkonce.t*)

.rel.fini
 *(.rel.fini)

.rela.fini
 *(.rela.fini)

.rel.rodata
 *(.rel.rodata)
 *(.rel.rodata.*)
 *(.rel.gnu.linkonce.r*)

.rela.rodata
 *(.rela.rodata)
 *(.rela.rodata.*)
 *(.rela.gnu.linkonce.r*)

.rel.data
 *(.rel.data)
 *(.rel.data.*)
 *(.rel.gnu.linkonce.d*)

.rela.data
 *(.rela.data)
 *(.rela.data.*)
 *(.rela.gnu.linkonce.d*)

.rel.ctors
 *(.rel.ctors)

.rela.ctors
 *(.rela.ctors)

.rel.dtors
 *(.rel.dtors)

.rela.dtors
 *(.rela.dtors)

.rel.got
 *(.rel.got)

.rela.got
 *(.rela.got)

.rel.bss
 *(.rel.bss)

.rela.bss
 *(.rela.bss)

.rel.plt
 *(.rel.plt)

.rela.plt
 *(.rela.plt)

.text           0x00000000      0x6ee
 *(.vectors)
 .vectors       0x00000000       0xe4 D:/Program Files (x86)/Atmel/Studio/7.0/Packs/atmel/ATmega_DFP/1.2.209/gcc/dev/atmega1280/avr51/crtatmega1280.o
                0x00000000                __vector_default
                0x00000000                __vectors
 *(.vectors)
 *(.progmem.gcc*)
                0x000000e4                . = ALIGN (0x2)
                0x000000e4                __trampolines_start = .
 *(.trampolines)
 .trampolines   0x000000e4        0x0 linker stubs
 *(.trampolines*)
                0x000000e4                __trampolines_end = .
 *libprintf_flt.a:*(.progmem.data)
 *libc.a:*(.progmem.data)
 *(.progmem*)
                0x000000e4                . = ALIGN (0x2)
 *(.jumptables)
 *(.jumptables*)
 *(.lowtext)
 *(.lowtext*)
                0x000000e4                __ctors_start = .
 *(.ctors)
                0x000000e4                __ctors_end = .
                0x000000e4                __dtors_start = .
 *(.dtors)
                0x000000e4                __dtors_end = .
 SORT(*)(.ctors)
 SORT(*)(.dtors)
 *(.init0)
 .init0         0x000000e4        0x0 D:/Program Files (x86)/Atmel/Studio/7.0/Packs/atmel/ATmega_DFP/1.2.209/gcc/dev/atmega1280/avr51/crtatmega1280.o
                0x000000e4                __init
 *(.init0)
 *(.init1)
 *(.init1)
 *(.init2)
 .init2         0x000000e4        0xc D:/Program Files (x86)/Atmel/Studio/7.0/Packs/atmel/ATmega_DFP/1.2.209/gcc/dev/atmega1280/avr51/crtatmega1280.o
 *(.init2)
 *(.init3)
 *(.init3)
 *(.init4)
 *(.init4)
 *(.init5)
 *(.init5)
 *(.init6)
 *(.init6)
 *(.init7)
 *(.init7)
 *(.init8)
 *(.init8)
 *(.init9)
 .init9         0x000000f0        0x4 D:/Program Files (x86)/Atmel/Studio/7.0/Packs/atmel/ATmega_DFP/1.2.209/gcc/dev/atmega1280/avr51/crtatmega1280.o
 *(.init9)
 *(.text)
 .text          0x000000f4        0x2 D:/Program Files (x86)/Atmel/Studio/7.0/Packs/atmel/ATmega_DFP/1.2.209/gcc/dev/atmega1280/avr51/crtatmega1280.o
                0x000000f4                __vector_38
                0x000000f4                __vector_22
                0x000000f4                __vector_28
                0x000000f4                __vector_1
                0x000000f4                __vector_32
                0x000000f4                __vector_34
                0x000000f4                __vector_24
                0x000000f4                __vector_12
                0x000000f4                __vector_55
                0x000000f4                __vector_46
                0x000000f4                __bad_interrupt
                0x000000f4                __vector_6
                0x000000f4                __vector_31
                0x000000f4                __vector_35
                0x000000f4                __vector_39
                0x000000f4                __vector_3
                0x000000f4                __vector_23
                0x000000f4                __vector_30
                0x000000f4                __vector_45
                0x000000f4                __vector_25
                0x000000f4                __vector_11
                0x000000f4                __vector_54
                0x000000f4                __vector_13
                0x000000f4                __vector_17
                0x000000f4                __vector_19
                0x000000f4                __vector_56
                0x000000f4                __vector_7
                0x000000f4                __vector_49
                0x000000f4                __vector_41
                0x000000f4                __vector_43
                0x000000f4                __vector_27
                0x000000f4                __vector_5
                0x000000f4                __vector_33
                0x000000f4                __vector_47
                0x000000f4                __vector_52
                0x000000f4                __vector_37
                0x000000f4                __vector_4
                0x000000f4                __vector_44
                0x000000f4                __vector_51
                0x000000f4                __vector_9
                0x000000f4                __vector_2
                0x000000f4                __vector_21
                0x000000f4                __vector_15
                0x000000f4                __vector_36
                0x000000f4                __vector_29
                0x000000f4                __vector_40
                0x000000f4                __vector_8
                0x000000f4                __vector_26
                0x000000f4                __vector_48
                0x000000f4                __vector_14
                0x000000f4                __vector_53
                0x000000f4                __vector_50
                0x000000f4                __vector_16
                0x000000f4                __vector_18
                0x000000f4                __vector_20
                0x000000f4                __vector_42
                0x000000f6                . = ALIGN (0x2)
 *(.text.*)
 .text.board_init
                0x000000f6       0x2e main.o
                0x000000f6                board_init
 .text.io_init  0x00000124       0x70 main.o
                0x00000124                io_init
 .text.firmware_init
                0x00000194       0x1e main.o
                0x00000194                firmware_init
 .text.CAN_read_packet
                0x000001b2      0x10c main.o
                0x000001b2                CAN_read_packet
 .text.main     0x000002be       0x32 main.o
                0x000002be                main
 .text.__vector_10
                0x000002f0      0x150 main.o
                0x000002f0                __vector_10
 .text.MCP2515_CS_low
                0x00000440       0x18 MCP2515.o
                0x00000440                MCP2515_CS_low
 .text.MCP2515_CS_high
                0x00000458       0x18 MCP2515.o
                0x00000458                MCP2515_CS_high
 .text.MCP2515_reg_write
                0x00000470       0x26 MCP2515.o
                0x00000470                MCP2515_reg_write
 .text.MCP2515_instruction
                0x00000496       0x18 MCP2515.o
                0x00000496                MCP2515_instruction
 .text.MCP2515_bit_modify
                0x000004ae       0x30 MCP2515.o
                0x000004ae                MCP2515_bit_modify
 .text.MCP2515_init
                0x000004de       0x48 MCP2515.o
                0x000004de                MCP2515_init
 .text.MCP2515_PullCanPacket
                0x00000526      0x102 MCP2515.o
                0x00000526                MCP2515_PullCanPacket
 .text.MCP2515_check_receive_status
                0x00000628       0x22 MCP2515.o
                0x00000628                MCP2515_check_receive_status
 .text.CAN_pull_packet
                0x0000064a       0x76 pdmCAN.o
                0x0000064a                CAN_pull_packet
 .text.SPI_send_byte
                0x000006c0        0xc SPI.o
                0x000006c0                SPI_send_byte
 .text.SPI_init
                0x000006cc        0xc SPI.o
                0x000006cc                SPI_init
 .text.avr-libc
                0x000006d8       0x12 d:/program files (x86)/atmel/studio/7.0/toolchain/avr8/avr8-gnu-toolchain/bin/../lib/gcc/avr/5.4.0/../../../../avr/lib/avr51\libc.a(memcpy.o)
                0x000006d8                memcpy
                0x000006ea                . = ALIGN (0x2)
 *(.fini9)
 .fini9         0x000006ea        0x0 d:/program files (x86)/atmel/studio/7.0/toolchain/avr8/avr8-gnu-toolchain/bin/../lib/gcc/avr/5.4.0/avr51\libgcc.a(_exit.o)
                0x000006ea                _exit
                0x000006ea                exit
 *(.fini9)
 *(.fini8)
 *(.fini8)
 *(.fini7)
 *(.fini7)
 *(.fini6)
 *(.fini6)
 *(.fini5)
 *(.fini5)
 *(.fini4)
 *(.fini4)
 *(.fini3)
 *(.fini3)
 *(.fini2)
 *(.fini2)
 *(.fini1)
 *(.fini1)
 *(.fini0)
 .fini0         0x000006ea        0x4 d:/program files (x86)/atmel/studio/7.0/toolchain/avr8/avr8-gnu-toolchain/bin/../lib/gcc/avr/5.4.0/avr51\libgcc.a(_exit.o)
 *(.fini0)
                0x000006ee                _etext = .

.data           0x00800200        0x0 load address 0x000006ee
                [!provide]                PROVIDE (__data_start, .)
 *(.data)
 *(.data*)
 *(.gnu.linkonce.d*)
 *(.rodata)
 *(.rodata*)
 *(.gnu.linkonce.r*)
                0x00800200                . = ALIGN (0x2)
                0x00800200                _edata = .
                [!provide]                PROVIDE (__data_end, .)

.bss            0x00800200        0x0
                [!provide]                PROVIDE (__bss_start, .)
 *(.bss)
 *(.bss*)
 *(COMMON)
                [!provide]                PROVIDE (__bss_end, .)
                0x000006ee                __data_load_start = LOADADDR (.data)
                0x000006ee                __data_load_end = (__data_load_start + SIZEOF (.data))

.noinit         0x00800200        0x0
                [!provide]                PROVIDE (__noinit_start, .)
 *(.noinit*)
                [!provide]                PROVIDE (__noinit_end, .)
                0x00800200                _end = .
                [!provide]                PROVIDE (__heap_start, .)

.eeprom         0x00810000        0x0
 *(.eeprom*)
                0x00810000                __eeprom_end = .

.fuse
 *(.fuse)
 *(.lfuse)
 *(.hfuse)
 *(.efuse)

.lock
 *(.lock*)

.signature
 *(.signature*)

.user_signatures
 *(.user_signatures*)

.stab
 *(.stab)

.stabstr
 *(.stabstr)

.stab.excl
 *(.stab.excl)

.stab.exclstr
 *(.stab.exclstr)

.stab.index
 *(.stab.index)

.stab.indexstr
 *(.stab.indexstr)

.comment        0x00000000       0x30
 *(.comment)
 .comment       0x00000000       0x30 main.o
                                 0x31 (size before relaxing)
 .comment       0x00000030       0x31 MCP2515.o
 .comment       0x00000030       0x31 pdmCAN.o
 .comment       0x00000030       0x31 SPI.o

.note.gnu.avr.deviceinfo
                0x00000000       0x40
 .note.gnu.avr.deviceinfo
                0x00000000       0x40 D:/Program Files (x86)/Atmel/Studio/7.0/Packs/atmel/ATmega_DFP/1.2.209/gcc/dev/atmega1280/avr51/crtatmega1280.o

.note.gnu.build-id
 *(.note.gnu.build-id)

.debug
 *(.debug)

.line
 *(.line)

.debug_srcinfo
 *(.debug_srcinfo)

.debug_sfnames
 *(.debug_sfnames)

.debug_aranges  0x00000000      0x138
 *(.debug_aranges)
 .debug_aranges
                0x00000000       0x48 main.o
 .debug_aranges
                0x00000048       0x98 MCP2515.o
 .debug_aranges
                0x000000e0       0x30 pdmCAN.o
 .debug_aranges
                0x00000110       0x28 SPI.o

.debug_pubnames
 *(.debug_pubnames)

.debug_info     0x00000000     0x20f1
 *(.debug_info .gnu.linkonce.wi.*)
 .debug_info    0x00000000      0xbbc D:/Program Files (x86)/Atmel/Studio/7.0/Packs/atmel/ATmega_DFP/1.2.209/gcc/dev/atmega1280/avr51/crtatmega1280.o
 .debug_info    0x00000bbc      0x2f4 main.o
 .debug_info    0x00000eb0      0xe85 MCP2515.o
 .debug_info    0x00001d35      0x30e pdmCAN.o
 .debug_info    0x00002043       0xae SPI.o

.debug_abbrev   0x00000000      0xfa8
 *(.debug_abbrev)
 .debug_abbrev  0x00000000      0xb1a D:/Program Files (x86)/Atmel/Studio/7.0/Packs/atmel/ATmega_DFP/1.2.209/gcc/dev/atmega1280/avr51/crtatmega1280.o
 .debug_abbrev  0x00000b1a      0x1a3 main.o
 .debug_abbrev  0x00000cbd      0x187 MCP2515.o
 .debug_abbrev  0x00000e44       0xea pdmCAN.o
 .debug_abbrev  0x00000f2e       0x7a SPI.o

.debug_line     0x00000000      0xd34
 *(.debug_line .debug_line.* .debug_line_end)
 .debug_line    0x00000000      0x1ed D:/Program Files (x86)/Atmel/Studio/7.0/Packs/atmel/ATmega_DFP/1.2.209/gcc/dev/atmega1280/avr51/crtatmega1280.o
 .debug_line    0x000001ed      0x3e5 main.o
 .debug_line    0x000005d2      0x574 MCP2515.o
 .debug_line    0x00000b46      0x118 pdmCAN.o
 .debug_line    0x00000c5e       0xd6 SPI.o

.debug_frame    0x00000000      0x464
 *(.debug_frame)
 .debug_frame   0x00000000       0xdc main.o
 .debug_frame   0x000000dc      0x27c MCP2515.o
 .debug_frame   0x00000358       0xd8 pdmCAN.o
 .debug_frame   0x00000430       0x34 SPI.o

.debug_str      0x00000000      0x804
 *(.debug_str)
 .debug_str     0x00000000      0x3e6 D:/Program Files (x86)/Atmel/Studio/7.0/Packs/atmel/ATmega_DFP/1.2.209/gcc/dev/atmega1280/avr51/crtatmega1280.o
 .debug_str     0x000003e6      0x212 main.o
                                0x246 (size before relaxing)
 .debug_str     0x000005f8      0x1cd MCP2515.o
                                0x384 (size before relaxing)
 .debug_str     0x000007c5       0x34 pdmCAN.o
                                0x23d (size before relaxing)
 .debug_str     0x000007f9        0xb SPI.o
                                0x192 (size before relaxing)

.debug_loc      0x00000000     0x121b
 *(.debug_loc)
 .debug_loc     0x00000000      0x18c main.o
 .debug_loc     0x0000018c      0xc8e MCP2515.o
 .debug_loc     0x00000e1a      0x3e2 pdmCAN.o
 .debug_loc     0x000011fc       0x1f SPI.o

.debug_macinfo
 *(.debug_macinfo)

.debug_weaknames
 *(.debug_weaknames)

.debug_funcnames
 *(.debug_funcnames)

.debug_typenames
 *(.debug_typenames)

.debug_varnames
 *(.debug_varnames)

.debug_pubtypes
 *(.debug_pubtypes)

.debug_ranges   0x00000000       0xf8
 *(.debug_ranges)
 .debug_ranges  0x00000000       0x38 main.o
 .debug_ranges  0x00000038       0x88 MCP2515.o
 .debug_ranges  0x000000c0       0x20 pdmCAN.o
 .debug_ranges  0x000000e0       0x18 SPI.o

.debug_macro
 *(.debug_macro)
OUTPUT(PDM_v3.elf elf32-avr)
LOAD linker stubs
